-- Found ament_cmake: 2.5.6 (/opt/ros/jazzy/share/ament_cmake/cmake)
-- Override CMake install command with custom implementation using symlinks instead of copying resources
-- Found rosidl_default_generators: 1.6.1 (/opt/ros/jazzy/share/rosidl_default_generators/cmake)
-- Using all available rosidl_typesupport_c: rosidl_typesupport_fastrtps_c;rosidl_typesupport_introspection_c
-- Using all available rosidl_typesupport_cpp: rosidl_typesupport_fastrtps_cpp;rosidl_typesupport_introspection_cpp
-- Found rosidl_adapter: 4.6.9 (/opt/ros/jazzy/share/rosidl_adapter/cmake)
-- Found builtin_interfaces: 2.0.4 (/opt/ros/jazzy/share/builtin_interfaces/cmake)
-- Found sensor_msgs: 5.3.8 (/opt/ros/jazzy/share/sensor_msgs/cmake)
-- Found ament_cmake_ros: 0.12.1 (/opt/ros/jazzy/share/ament_cmake_ros/cmake)
-- Using all available rosidl_typesupport_c: rosidl_typesupport_fastrtps_c;rosidl_typesupport_introspection_c
-- Using all available rosidl_typesupport_cpp: rosidl_typesupport_fastrtps_cpp;rosidl_typesupport_introspection_cpp
-- Found python_cmake_module: 0.11.1 (/opt/ros/jazzy/share/python_cmake_module/cmake)
-- Found PythonExtra: /usr/bin/python3  
-- Found Python3: /usr/bin/python3 (found version "3.12.3") found components: Interpreter Development NumPy Development.Module Development.Embed 
-- Found Python3: /usr/bin/python3 (found version "3.12.3") found components: Interpreter 
-- Configuring done (2.9s)
-- Generating done (0.0s)
-- Build files have been written to: /home/marcio/Documentos/Dev/UEFS/SIECOMP 2026.2/oficina_ros2_atividades/build/interfaces
[  1%] [34m[1mGenerating type hashes for ROS interfaces[0m
[  3%] [34m[1mGenerating Rust code for ROS interfaces[0m
[  3%] Built target ament_cmake_python_symlink_interfaces
running egg_info
creating interfaces.egg-info
[  3%] Built target interfaces__rosidl_generator_type_description
[  5%] [34m[1mGenerating C code for ROS interfaces[0m
writing interfaces.egg-info/PKG-INFO
writing dependency_links to interfaces.egg-info/dependency_links.txt
[  7%] [34m[1mGenerating C++ code for ROS interfaces[0m
writing top-level names to interfaces.egg-info/top_level.txt
writing manifest file 'interfaces.egg-info/SOURCES.txt'
[  7%] Built target interfaces__rs
reading manifest file 'interfaces.egg-info/SOURCES.txt'
writing manifest file 'interfaces.egg-info/SOURCES.txt'
[  7%] Built target ament_cmake_python_build_interfaces_egg
[  7%] Built target interfaces__cpp
[ 10%] [32mBuilding C object CMakeFiles/interfaces__rosidl_generator_c.dir/rosidl_generator_c/interfaces/msg/detail/actuator_command__functions.c.o[0m
[ 10%] [32mBuilding C object CMakeFiles/interfaces__rosidl_generator_c.dir/rosidl_generator_c/interfaces/msg/detail/actuator_state__type_support.c.o[0m
[ 12%] [32mBuilding C object CMakeFiles/interfaces__rosidl_generator_c.dir/rosidl_generator_c/interfaces/action/detail/actuator_move__type_support.c.o[0m
[ 16%] [32mBuilding C object CMakeFiles/interfaces__rosidl_generator_c.dir/rosidl_generator_c/interfaces/msg/detail/actuator_command__description.c.o[0m
[ 16%] [32mBuilding C object CMakeFiles/interfaces__rosidl_generator_c.dir/rosidl_generator_c/interfaces/msg/detail/actuator_command__type_support.c.o[0m
[ 18%] [32mBuilding C object CMakeFiles/interfaces__rosidl_generator_c.dir/rosidl_generator_c/interfaces/msg/detail/actuator_state__description.c.o[0m
[ 20%] [32mBuilding C object CMakeFiles/interfaces__rosidl_generator_c.dir/rosidl_generator_c/interfaces/msg/detail/actuator_state__functions.c.o[0m
[ 21%] [32mBuilding C object CMakeFiles/interfaces__rosidl_generator_c.dir/rosidl_generator_c/interfaces/action/detail/actuator_move__description.c.o[0m
[ 23%] [32mBuilding C object CMakeFiles/interfaces__rosidl_generator_c.dir/rosidl_generator_c/interfaces/action/detail/actuator_move__functions.c.o[0m
[ 25%] [32m[1mLinking C shared library libinterfaces__rosidl_generator_c.so[0m
[ 25%] Built target interfaces__rosidl_generator_c
[ 34%] [34m[1mGenerating C++ type support for eProsima Fast-RTPS[0m
[ 34%] [34m[1mGenerating C++ introspection for ROS interfaces[0m
[ 34%] [34m[1mGenerating C introspection for ROS interfaces[0m
[ 34%] [34m[1mGenerating C type support dispatch for ROS interfaces[0m
[ 34%] [34m[1mGenerating C type support for eProsima Fast-RTPS[0m
[ 36%] [34m[1mGenerating C++ type support dispatch for ROS interfaces[0m
[ 41%] [32mBuilding CXX object CMakeFiles/interfaces__rosidl_typesupport_c.dir/rosidl_typesupport_c/interfaces/msg/actuator_state__type_support.cpp.o[0m
[ 41%] [32mBuilding CXX object CMakeFiles/interfaces__rosidl_typesupport_c.dir/rosidl_typesupport_c/interfaces/msg/actuator_command__type_support.cpp.o[0m
[ 41%] [32mBuilding CXX object CMakeFiles/interfaces__rosidl_typesupport_c.dir/rosidl_typesupport_c/interfaces/action/actuator_move__type_support.cpp.o[0m
[ 43%] [32mBuilding CXX object CMakeFiles/interfaces__rosidl_typesupport_cpp.dir/rosidl_typesupport_cpp/interfaces/action/actuator_move__type_support.cpp.o[0m
[ 47%] [32mBuilding CXX object CMakeFiles/interfaces__rosidl_typesupport_cpp.dir/rosidl_typesupport_cpp/interfaces/msg/actuator_state__type_support.cpp.o[0m
[ 47%] [32mBuilding CXX object CMakeFiles/interfaces__rosidl_typesupport_cpp.dir/rosidl_typesupport_cpp/interfaces/msg/actuator_command__type_support.cpp.o[0m
[ 49%] [32m[1mLinking CXX shared library libinterfaces__rosidl_typesupport_c.so[0m
[ 50%] [32mBuilding CXX object CMakeFiles/interfaces__rosidl_typesupport_introspection_cpp.dir/rosidl_typesupport_introspection_cpp/interfaces/msg/detail/actuator_command__type_support.cpp.o[0m
[ 54%] [32mBuilding CXX object CMakeFiles/interfaces__rosidl_typesupport_introspection_cpp.dir/rosidl_typesupport_introspection_cpp/interfaces/msg/detail/actuator_state__type_support.cpp.o[0m
[ 54%] [32mBuilding CXX object CMakeFiles/interfaces__rosidl_typesupport_introspection_cpp.dir/rosidl_typesupport_introspection_cpp/interfaces/action/detail/actuator_move__type_support.cpp.o[0m
[ 54%] Built target interfaces__rosidl_typesupport_c
[ 60%] [32mBuilding C object CMakeFiles/interfaces__rosidl_typesupport_introspection_c.dir/rosidl_typesupport_introspection_c/interfaces/msg/detail/actuator_state__type_support.c.o[0m
[ 60%] [32mBuilding C object CMakeFiles/interfaces__rosidl_typesupport_introspection_c.dir/rosidl_typesupport_introspection_c/interfaces/msg/detail/actuator_command__type_support.c.o[0m
[ 60%] [32mBuilding C object CMakeFiles/interfaces__rosidl_typesupport_introspection_c.dir/rosidl_typesupport_introspection_c/interfaces/action/detail/actuator_move__type_support.c.o[0m
[ 61%] [32m[1mLinking C shared library libinterfaces__rosidl_typesupport_introspection_c.so[0m
[ 61%] Built target interfaces__rosidl_typesupport_introspection_c
[ 65%] [32mBuilding CXX object CMakeFiles/interfaces__rosidl_typesupport_fastrtps_c.dir/rosidl_typesupport_fastrtps_c/interfaces/msg/detail/actuator_state__type_support_c.cpp.o[0m
[ 65%] [32mBuilding CXX object CMakeFiles/interfaces__rosidl_typesupport_fastrtps_c.dir/rosidl_typesupport_fastrtps_c/interfaces/msg/detail/actuator_command__type_support_c.cpp.o[0m
[ 67%] [32mBuilding CXX object CMakeFiles/interfaces__rosidl_typesupport_fastrtps_c.dir/rosidl_typesupport_fastrtps_c/interfaces/action/detail/actuator_move__type_support_c.cpp.o[0m
[ 70%] [32mBuilding CXX object CMakeFiles/interfaces__rosidl_typesupport_fastrtps_cpp.dir/rosidl_typesupport_fastrtps_cpp/interfaces/action/detail/dds_fastrtps/actuator_move__type_support.cpp.o[0m
[ 70%] [32mBuilding CXX object CMakeFiles/interfaces__rosidl_typesupport_fastrtps_cpp.dir/rosidl_typesupport_fastrtps_cpp/interfaces/msg/detail/dds_fastrtps/actuator_state__type_support.cpp.o[0m
[ 72%] [32mBuilding CXX object CMakeFiles/interfaces__rosidl_typesupport_fastrtps_cpp.dir/rosidl_typesupport_fastrtps_cpp/interfaces/msg/detail/dds_fastrtps/actuator_command__type_support.cpp.o[0m
[ 74%] [32m[1mLinking CXX shared library libinterfaces__rosidl_typesupport_introspection_cpp.so[0m
[ 76%] [32m[1mLinking CXX shared library libinterfaces__rosidl_typesupport_cpp.so[0m
[ 76%] Built target interfaces__rosidl_typesupport_introspection_cpp
[ 76%] Built target interfaces__rosidl_typesupport_cpp
[ 78%] [32m[1mLinking CXX shared library libinterfaces__rosidl_typesupport_fastrtps_c.so[0m
[ 78%] Built target interfaces__rosidl_typesupport_fastrtps_c
[ 80%] [32m[1mLinking CXX shared library libinterfaces__rosidl_typesupport_fastrtps_cpp.so[0m
[ 80%] Built target interfaces__rosidl_typesupport_fastrtps_cpp
[ 80%] Built target interfaces
[ 81%] [34m[1mGenerating Python code for ROS interfaces[0m
[ 81%] Built target interfaces__py
[ 87%] [32mBuilding C object CMakeFiles/interfaces__rosidl_generator_py.dir/rosidl_generator_py/interfaces/msg/_actuator_command_s.c.o[0m
[ 87%] [32mBuilding C object CMakeFiles/interfaces__rosidl_generator_py.dir/rosidl_generator_py/interfaces/msg/_actuator_state_s.c.o[0m
[ 87%] [32mBuilding C object CMakeFiles/interfaces__rosidl_generator_py.dir/rosidl_generator_py/interfaces/action/_actuator_move_s.c.o[0m
[ 89%] [32m[1mLinking C shared library libinterfaces__rosidl_generator_py.so[0m
[ 89%] Built target interfaces__rosidl_generator_py
[ 94%] [32mBuilding C object CMakeFiles/interfaces_s__rosidl_typesupport_introspection_c.dir/rosidl_generator_py/interfaces/_interfaces_s.ep.rosidl_typesupport_introspection_c.c.o[0m
[ 94%] [32mBuilding C object CMakeFiles/interfaces_s__rosidl_typesupport_fastrtps_c.dir/rosidl_generator_py/interfaces/_interfaces_s.ep.rosidl_typesupport_fastrtps_c.c.o[0m
[ 94%] [32mBuilding C object CMakeFiles/interfaces_s__rosidl_typesupport_c.dir/rosidl_generator_py/interfaces/_interfaces_s.ep.rosidl_typesupport_c.c.o[0m
[ 98%] [32m[1mLinking C shared module rosidl_generator_py/interfaces/interfaces_s__rosidl_typesupport_introspection_c.so[0m
[ 98%] [32m[1mLinking C shared module rosidl_generator_py/interfaces/interfaces_s__rosidl_typesupport_c.so[0m
[100%] [32m[1mLinking C shared module rosidl_generator_py/interfaces/interfaces_s__rosidl_typesupport_fastrtps_c.so[0m
[100%] Built target interfaces_s__rosidl_typesupport_introspection_c
[100%] Built target interfaces_s__rosidl_typesupport_c
[100%] Built target interfaces_s__rosidl_typesupport_fastrtps_c
-- Install configuration: ""
-- Execute custom install script
-- Symlinking: /home/marcio/Documentos/Dev/UEFS/SIECOMP 2026.2/oficina_ros2_atividades/install/interfaces/share/ament_index/resource_index/rosidl_interfaces/interfaces
-- Symlinking: /home/marcio/Documentos/Dev/UEFS/SIECOMP 2026.2/oficina_ros2_atividades/install/interfaces/share/interfaces/msg/ActuatorCommand.json
-- Symlinking: /home/marcio/Documentos/Dev/UEFS/SIECOMP 2026.2/oficina_ros2_atividades/install/interfaces/share/interfaces/msg/ActuatorState.json
-- Symlinking: /home/marcio/Documentos/Dev/UEFS/SIECOMP 2026.2/oficina_ros2_atividades/install/interfaces/share/interfaces/action/ActuatorMove.json
-- Symlinking: /home/marcio/Documentos/Dev/UEFS/SIECOMP 2026.2/oficina_ros2_atividades/install/interfaces/include/interfaces/interfaces/action/actuator_move.h
-- Symlinking: /home/marcio/Documentos/Dev/UEFS/SIECOMP 2026.2/oficina_ros2_atividades/install/interfaces/include/interfaces/interfaces/action/detail/actuator_move__functions.h
-- Symlinking: /home/marcio/Documentos/Dev/UEFS/SIECOMP 2026.2/oficina_ros2_atividades/install/interfaces/include/interfaces/interfaces/action/detail/actuator_move__struct.h
-- Symlinking: /home/marcio/Documentos/Dev/UEFS/SIECOMP 2026.2/oficina_ros2_atividades/install/interfaces/include/interfaces/interfaces/action/detail/actuator_move__type_support.h
-- Symlinking: /home/marcio/Documentos/Dev/UEFS/SIECOMP 2026.2/oficina_ros2_atividades/install/interfaces/include/interfaces/interfaces/msg/actuator_command.h
-- Symlinking: /home/marcio/Documentos/Dev/UEFS/SIECOMP 2026.2/oficina_ros2_atividades/install/interfaces/include/interfaces/interfaces/msg/actuator_state.h
-- Symlinking: /home/marcio/Documentos/Dev/UEFS/SIECOMP 2026.2/oficina_ros2_atividades/install/interfaces/include/interfaces/interfaces/msg/detail/actuator_command__functions.h
-- Symlinking: /home/marcio/Documentos/Dev/UEFS/SIECOMP 2026.2/oficina_ros2_atividades/install/interfaces/include/interfaces/interfaces/msg/detail/actuator_command__struct.h
-- Symlinking: /home/marcio/Documentos/Dev/UEFS/SIECOMP 2026.2/oficina_ros2_atividades/install/interfaces/include/interfaces/interfaces/msg/detail/actuator_command__type_support.h
-- Symlinking: /home/marcio/Documentos/Dev/UEFS/SIECOMP 2026.2/oficina_ros2_atividades/install/interfaces/include/interfaces/interfaces/msg/detail/actuator_state__functions.h
-- Symlinking: /home/marcio/Documentos/Dev/UEFS/SIECOMP 2026.2/oficina_ros2_atividades/install/interfaces/include/interfaces/interfaces/msg/detail/actuator_state__struct.h
-- Symlinking: /home/marcio/Documentos/Dev/UEFS/SIECOMP 2026.2/oficina_ros2_atividades/install/interfaces/include/interfaces/interfaces/msg/detail/actuator_state__type_support.h
-- Symlinking: /home/marcio/Documentos/Dev/UEFS/SIECOMP 2026.2/oficina_ros2_atividades/install/interfaces/include/interfaces/interfaces/msg/rosidl_generator_c__visibility_control.h
-- Symlinking: /home/marcio/Documentos/Dev/UEFS/SIECOMP 2026.2/oficina_ros2_atividades/install/interfaces/share/interfaces/environment/library_path.sh
-- Symlinking: /home/marcio/Documentos/Dev/UEFS/SIECOMP 2026.2/oficina_ros2_atividades/install/interfaces/share/interfaces/environment/library_path.dsv
-- Symlinking: /home/marcio/Documentos/Dev/UEFS/SIECOMP 2026.2/oficina_ros2_atividades/install/interfaces/include/interfaces/interfaces/action/detail/actuator_move__rosidl_typesupport_fastrtps_c.h
-- Symlinking: /home/marcio/Documentos/Dev/UEFS/SIECOMP 2026.2/oficina_ros2_atividades/install/interfaces/include/interfaces/interfaces/msg/detail/actuator_command__rosidl_typesupport_fastrtps_c.h
-- Symlinking: /home/marcio/Documentos/Dev/UEFS/SIECOMP 2026.2/oficina_ros2_atividades/install/interfaces/include/interfaces/interfaces/msg/detail/actuator_state__rosidl_typesupport_fastrtps_c.h
-- Symlinking: /home/marcio/Documentos/Dev/UEFS/SIECOMP 2026.2/oficina_ros2_atividades/install/interfaces/include/interfaces/interfaces/msg/rosidl_typesupport_fastrtps_c__visibility_control.h
-- Symlinking: /home/marcio/Documentos/Dev/UEFS/SIECOMP 2026.2/oficina_ros2_atividades/install/interfaces/include/interfaces/interfaces/action/detail/actuator_move__rosidl_typesupport_introspection_c.h
-- Symlinking: /home/marcio/Documentos/Dev/UEFS/SIECOMP 2026.2/oficina_ros2_atividades/install/interfaces/include/interfaces/interfaces/msg/detail/actuator_command__rosidl_typesupport_introspection_c.h
-- Symlinking: /home/marcio/Documentos/Dev/UEFS/SIECOMP 2026.2/oficina_ros2_atividades/install/interfaces/include/interfaces/interfaces/msg/detail/actuator_state__rosidl_typesupport_introspection_c.h
-- Symlinking: /home/marcio/Documentos/Dev/UEFS/SIECOMP 2026.2/oficina_ros2_atividades/install/interfaces/include/interfaces/interfaces/msg/rosidl_typesupport_introspection_c__visibility_control.h
-- Symlinking: /home/marcio/Documentos/Dev/UEFS/SIECOMP 2026.2/oficina_ros2_atividades/install/interfaces/include/interfaces/interfaces/action/actuator_move.hpp
-- Symlinking: /home/marcio/Documentos/Dev/UEFS/SIECOMP 2026.2/oficina_ros2_atividades/install/interfaces/include/interfaces/interfaces/action/detail/actuator_move__builder.hpp
-- Symlinking: /home/marcio/Documentos/Dev/UEFS/SIECOMP 2026.2/oficina_ros2_atividades/install/interfaces/include/interfaces/interfaces/action/detail/actuator_move__struct.hpp
-- Symlinking: /home/marcio/Documentos/Dev/UEFS/SIECOMP 2026.2/oficina_ros2_atividades/install/interfaces/include/interfaces/interfaces/action/detail/actuator_move__traits.hpp
-- Symlinking: /home/marcio/Documentos/Dev/UEFS/SIECOMP 2026.2/oficina_ros2_atividades/install/interfaces/include/interfaces/interfaces/action/detail/actuator_move__type_support.hpp
-- Symlinking: /home/marcio/Documentos/Dev/UEFS/SIECOMP 2026.2/oficina_ros2_atividades/install/interfaces/include/interfaces/interfaces/msg/actuator_command.hpp
-- Symlinking: /home/marcio/Documentos/Dev/UEFS/SIECOMP 2026.2/oficina_ros2_atividades/install/interfaces/include/interfaces/interfaces/msg/actuator_state.hpp
-- Symlinking: /home/marcio/Documentos/Dev/UEFS/SIECOMP 2026.2/oficina_ros2_atividades/install/interfaces/include/interfaces/interfaces/msg/detail/actuator_command__builder.hpp
-- Symlinking: /home/marcio/Documentos/Dev/UEFS/SIECOMP 2026.2/oficina_ros2_atividades/install/interfaces/include/interfaces/interfaces/msg/detail/actuator_command__struct.hpp
-- Symlinking: /home/marcio/Documentos/Dev/UEFS/SIECOMP 2026.2/oficina_ros2_atividades/install/interfaces/include/interfaces/interfaces/msg/detail/actuator_command__traits.hpp
-- Symlinking: /home/marcio/Documentos/Dev/UEFS/SIECOMP 2026.2/oficina_ros2_atividades/install/interfaces/include/interfaces/interfaces/msg/detail/actuator_command__type_support.hpp
-- Symlinking: /home/marcio/Documentos/Dev/UEFS/SIECOMP 2026.2/oficina_ros2_atividades/install/interfaces/include/interfaces/interfaces/msg/detail/actuator_state__builder.hpp
-- Symlinking: /home/marcio/Documentos/Dev/UEFS/SIECOMP 2026.2/oficina_ros2_atividades/install/interfaces/include/interfaces/interfaces/msg/detail/actuator_state__struct.hpp
-- Symlinking: /home/marcio/Documentos/Dev/UEFS/SIECOMP 2026.2/oficina_ros2_atividades/install/interfaces/include/interfaces/interfaces/msg/detail/actuator_state__traits.hpp
-- Symlinking: /home/marcio/Documentos/Dev/UEFS/SIECOMP 2026.2/oficina_ros2_atividades/install/interfaces/include/interfaces/interfaces/msg/detail/actuator_state__type_support.hpp
-- Symlinking: /home/marcio/Documentos/Dev/UEFS/SIECOMP 2026.2/oficina_ros2_atividades/install/interfaces/include/interfaces/interfaces/msg/rosidl_generator_cpp__visibility_control.hpp
-- Symlinking: /home/marcio/Documentos/Dev/UEFS/SIECOMP 2026.2/oficina_ros2_atividades/install/interfaces/include/interfaces/interfaces/action/detail/actuator_move__rosidl_typesupport_fastrtps_cpp.hpp
-- Symlinking: /home/marcio/Documentos/Dev/UEFS/SIECOMP 2026.2/oficina_ros2_atividades/install/interfaces/include/interfaces/interfaces/msg/detail/actuator_command__rosidl_typesupport_fastrtps_cpp.hpp
-- Symlinking: /home/marcio/Documentos/Dev/UEFS/SIECOMP 2026.2/oficina_ros2_atividades/install/interfaces/include/interfaces/interfaces/msg/detail/actuator_state__rosidl_typesupport_fastrtps_cpp.hpp
-- Symlinking: /home/marcio/Documentos/Dev/UEFS/SIECOMP 2026.2/oficina_ros2_atividades/install/interfaces/include/interfaces/interfaces/msg/rosidl_typesupport_fastrtps_cpp__visibility_control.h
-- Symlinking: /home/marcio/Documentos/Dev/UEFS/SIECOMP 2026.2/oficina_ros2_atividades/install/interfaces/include/interfaces/interfaces/action/detail/actuator_move__rosidl_typesupport_introspection_cpp.hpp
-- Symlinking: /home/marcio/Documentos/Dev/UEFS/SIECOMP 2026.2/oficina_ros2_atividades/install/interfaces/include/interfaces/interfaces/msg/detail/actuator_command__rosidl_typesupport_introspection_cpp.hpp
-- Symlinking: /home/marcio/Documentos/Dev/UEFS/SIECOMP 2026.2/oficina_ros2_atividades/install/interfaces/include/interfaces/interfaces/msg/detail/actuator_state__rosidl_typesupport_introspection_cpp.hpp
-- Symlinking: /home/marcio/Documentos/Dev/UEFS/SIECOMP 2026.2/oficina_ros2_atividades/install/interfaces/share/interfaces/environment/pythonpath.sh
-- Symlinking: /home/marcio/Documentos/Dev/UEFS/SIECOMP 2026.2/oficina_ros2_atividades/install/interfaces/share/interfaces/environment/pythonpath.dsv
-- Symlinking: /home/marcio/Documentos/Dev/UEFS/SIECOMP 2026.2/oficina_ros2_atividades/install/interfaces/lib/python3.12/site-packages/interfaces-0.0.0-py3.12.egg-info/PKG-INFO
-- Symlinking: /home/marcio/Documentos/Dev/UEFS/SIECOMP 2026.2/oficina_ros2_atividades/install/interfaces/lib/python3.12/site-packages/interfaces-0.0.0-py3.12.egg-info/SOURCES.txt
-- Symlinking: /home/marcio/Documentos/Dev/UEFS/SIECOMP 2026.2/oficina_ros2_atividades/install/interfaces/lib/python3.12/site-packages/interfaces-0.0.0-py3.12.egg-info/dependency_links.txt
-- Symlinking: /home/marcio/Documentos/Dev/UEFS/SIECOMP 2026.2/oficina_ros2_atividades/install/interfaces/lib/python3.12/site-packages/interfaces-0.0.0-py3.12.egg-info/top_level.txt
-- Symlinking: /home/marcio/Documentos/Dev/UEFS/SIECOMP 2026.2/oficina_ros2_atividades/install/interfaces/lib/python3.12/site-packages/interfaces/__init__.py
-- Symlinking: /home/marcio/Documentos/Dev/UEFS/SIECOMP 2026.2/oficina_ros2_atividades/install/interfaces/lib/python3.12/site-packages/interfaces/_interfaces_s.ep.rosidl_typesupport_c.c
-- Symlinking: /home/marcio/Documentos/Dev/UEFS/SIECOMP 2026.2/oficina_ros2_atividades/install/interfaces/lib/python3.12/site-packages/interfaces/_interfaces_s.ep.rosidl_typesupport_fastrtps_c.c
-- Symlinking: /home/marcio/Documentos/Dev/UEFS/SIECOMP 2026.2/oficina_ros2_atividades/install/interfaces/lib/python3.12/site-packages/interfaces/_interfaces_s.ep.rosidl_typesupport_introspection_c.c
-- Symlinking: /home/marcio/Documentos/Dev/UEFS/SIECOMP 2026.2/oficina_ros2_atividades/install/interfaces/lib/python3.12/site-packages/interfaces/action/__init__.py
-- Symlinking: /home/marcio/Documentos/Dev/UEFS/SIECOMP 2026.2/oficina_ros2_atividades/install/interfaces/lib/python3.12/site-packages/interfaces/action/_actuator_move.py
-- Symlinking: /home/marcio/Documentos/Dev/UEFS/SIECOMP 2026.2/oficina_ros2_atividades/install/interfaces/lib/python3.12/site-packages/interfaces/action/_actuator_move_s.c
-- Symlinking: /home/marcio/Documentos/Dev/UEFS/SIECOMP 2026.2/oficina_ros2_atividades/install/interfaces/lib/python3.12/site-packages/interfaces/interfaces_s__rosidl_typesupport_c.so
-- Symlinking: /home/marcio/Documentos/Dev/UEFS/SIECOMP 2026.2/oficina_ros2_atividades/install/interfaces/lib/python3.12/site-packages/interfaces/interfaces_s__rosidl_typesupport_fastrtps_c.so
-- Symlinking: /home/marcio/Documentos/Dev/UEFS/SIECOMP 2026.2/oficina_ros2_atividades/install/interfaces/lib/python3.12/site-packages/interfaces/interfaces_s__rosidl_typesupport_introspection_c.so
-- Symlinking: /home/marcio/Documentos/Dev/UEFS/SIECOMP 2026.2/oficina_ros2_atividades/install/interfaces/lib/python3.12/site-packages/interfaces/msg/__init__.py
-- Symlinking: /home/marcio/Documentos/Dev/UEFS/SIECOMP 2026.2/oficina_ros2_atividades/install/interfaces/lib/python3.12/site-packages/interfaces/msg/_actuator_command.py
-- Symlinking: /home/marcio/Documentos/Dev/UEFS/SIECOMP 2026.2/oficina_ros2_atividades/install/interfaces/lib/python3.12/site-packages/interfaces/msg/_actuator_command_s.c
-- Symlinking: /home/marcio/Documentos/Dev/UEFS/SIECOMP 2026.2/oficina_ros2_atividades/install/interfaces/lib/python3.12/site-packages/interfaces/msg/_actuator_state.py
-- Symlinking: /home/marcio/Documentos/Dev/UEFS/SIECOMP 2026.2/oficina_ros2_atividades/install/interfaces/lib/python3.12/site-packages/interfaces/msg/_actuator_state_s.c
-- Up-to-date symlink: /home/marcio/Documentos/Dev/UEFS/SIECOMP 2026.2/oficina_ros2_atividades/install/interfaces/lib/python3.12/site-packages/interfaces/interfaces_s__rosidl_typesupport_fastrtps_c.so
-- Up-to-date symlink: /home/marcio/Documentos/Dev/UEFS/SIECOMP 2026.2/oficina_ros2_atividades/install/interfaces/lib/python3.12/site-packages/interfaces/interfaces_s__rosidl_typesupport_introspection_c.so
-- Up-to-date symlink: /home/marcio/Documentos/Dev/UEFS/SIECOMP 2026.2/oficina_ros2_atividades/install/interfaces/lib/python3.12/site-packages/interfaces/interfaces_s__rosidl_typesupport_c.so
-- Symlinking: /home/marcio/Documentos/Dev/UEFS/SIECOMP 2026.2/oficina_ros2_atividades/install/interfaces/share/ament_index/resource_index/rust_packages/interfaces
-- Symlinking: /home/marcio/Documentos/Dev/UEFS/SIECOMP 2026.2/oficina_ros2_atividades/install/interfaces/share/interfaces/rust/Cargo.toml
-- Symlinking: /home/marcio/Documentos/Dev/UEFS/SIECOMP 2026.2/oficina_ros2_atividades/install/interfaces/share/interfaces/rust/build.rs
-- Symlinking: /home/marcio/Documentos/Dev/UEFS/SIECOMP 2026.2/oficina_ros2_atividades/install/interfaces/share/interfaces/rust/src/action.rs
-- Symlinking: /home/marcio/Documentos/Dev/UEFS/SIECOMP 2026.2/oficina_ros2_atividades/install/interfaces/share/interfaces/rust/src/action/rmw.rs
-- Symlinking: /home/marcio/Documentos/Dev/UEFS/SIECOMP 2026.2/oficina_ros2_atividades/install/interfaces/share/interfaces/rust/src/lib.rs
-- Symlinking: /home/marcio/Documentos/Dev/UEFS/SIECOMP 2026.2/oficina_ros2_atividades/install/interfaces/share/interfaces/rust/src/msg.rs
-- Symlinking: /home/marcio/Documentos/Dev/UEFS/SIECOMP 2026.2/oficina_ros2_atividades/install/interfaces/share/interfaces/rust/src/msg/rmw.rs
-- Symlinking: /home/marcio/Documentos/Dev/UEFS/SIECOMP 2026.2/oficina_ros2_atividades/install/interfaces/share/interfaces/msg/ActuatorCommand.idl
-- Symlinking: /home/marcio/Documentos/Dev/UEFS/SIECOMP 2026.2/oficina_ros2_atividades/install/interfaces/share/interfaces/msg/ActuatorState.idl
-- Symlinking: /home/marcio/Documentos/Dev/UEFS/SIECOMP 2026.2/oficina_ros2_atividades/install/interfaces/share/interfaces/action/ActuatorMove.idl
-- Symlinking: /home/marcio/Documentos/Dev/UEFS/SIECOMP 2026.2/oficina_ros2_atividades/install/interfaces/share/interfaces/msg/ActuatorCommand.msg
-- Symlinking: /home/marcio/Documentos/Dev/UEFS/SIECOMP 2026.2/oficina_ros2_atividades/install/interfaces/share/interfaces/msg/ActuatorState.msg
-- Symlinking: /home/marcio/Documentos/Dev/UEFS/SIECOMP 2026.2/oficina_ros2_atividades/install/interfaces/share/interfaces/action/ActuatorMove.action
-- Symlinking: /home/marcio/Documentos/Dev/UEFS/SIECOMP 2026.2/oficina_ros2_atividades/install/interfaces/share/ament_index/resource_index/package_run_dependencies/interfaces
-- Symlinking: /home/marcio/Documentos/Dev/UEFS/SIECOMP 2026.2/oficina_ros2_atividades/install/interfaces/share/ament_index/resource_index/parent_prefix_path/interfaces
-- Symlinking: /home/marcio/Documentos/Dev/UEFS/SIECOMP 2026.2/oficina_ros2_atividades/install/interfaces/share/interfaces/environment/ament_prefix_path.sh
-- Symlinking: /home/marcio/Documentos/Dev/UEFS/SIECOMP 2026.2/oficina_ros2_atividades/install/interfaces/share/interfaces/environment/ament_prefix_path.dsv
-- Symlinking: /home/marcio/Documentos/Dev/UEFS/SIECOMP 2026.2/oficina_ros2_atividades/install/interfaces/share/interfaces/environment/path.sh
-- Symlinking: /home/marcio/Documentos/Dev/UEFS/SIECOMP 2026.2/oficina_ros2_atividades/install/interfaces/share/interfaces/environment/path.dsv
-- Symlinking: /home/marcio/Documentos/Dev/UEFS/SIECOMP 2026.2/oficina_ros2_atividades/install/interfaces/share/interfaces/local_setup.bash
-- Symlinking: /home/marcio/Documentos/Dev/UEFS/SIECOMP 2026.2/oficina_ros2_atividades/install/interfaces/share/interfaces/local_setup.sh
-- Symlinking: /home/marcio/Documentos/Dev/UEFS/SIECOMP 2026.2/oficina_ros2_atividades/install/interfaces/share/interfaces/local_setup.zsh
-- Symlinking: /home/marcio/Documentos/Dev/UEFS/SIECOMP 2026.2/oficina_ros2_atividades/install/interfaces/share/interfaces/local_setup.dsv
-- Symlinking: /home/marcio/Documentos/Dev/UEFS/SIECOMP 2026.2/oficina_ros2_atividades/install/interfaces/share/interfaces/package.dsv
-- Symlinking: /home/marcio/Documentos/Dev/UEFS/SIECOMP 2026.2/oficina_ros2_atividades/install/interfaces/share/ament_index/resource_index/packages/interfaces
-- Symlinking: /home/marcio/Documentos/Dev/UEFS/SIECOMP 2026.2/oficina_ros2_atividades/install/interfaces/share/interfaces/cmake/rosidl_cmake-extras.cmake
-- Symlinking: /home/marcio/Documentos/Dev/UEFS/SIECOMP 2026.2/oficina_ros2_atividades/install/interfaces/share/interfaces/cmake/ament_cmake_export_dependencies-extras.cmake
-- Symlinking: /home/marcio/Documentos/Dev/UEFS/SIECOMP 2026.2/oficina_ros2_atividades/install/interfaces/share/interfaces/cmake/ament_cmake_export_include_directories-extras.cmake
-- Symlinking: /home/marcio/Documentos/Dev/UEFS/SIECOMP 2026.2/oficina_ros2_atividades/install/interfaces/share/interfaces/cmake/ament_cmake_export_libraries-extras.cmake
-- Symlinking: /home/marcio/Documentos/Dev/UEFS/SIECOMP 2026.2/oficina_ros2_atividades/install/interfaces/share/interfaces/cmake/ament_cmake_export_targets-extras.cmake
-- Symlinking: /home/marcio/Documentos/Dev/UEFS/SIECOMP 2026.2/oficina_ros2_atividades/install/interfaces/share/interfaces/cmake/rosidl_cmake_export_typesupport_targets-extras.cmake
-- Symlinking: /home/marcio/Documentos/Dev/UEFS/SIECOMP 2026.2/oficina_ros2_atividades/install/interfaces/share/interfaces/cmake/rosidl_cmake_export_typesupport_libraries-extras.cmake
-- Symlinking: /home/marcio/Documentos/Dev/UEFS/SIECOMP 2026.2/oficina_ros2_atividades/install/interfaces/share/interfaces/cmake/rosidl_cmake_aggregate_target-extras.cmake
-- Symlinking: /home/marcio/Documentos/Dev/UEFS/SIECOMP 2026.2/oficina_ros2_atividades/install/interfaces/share/interfaces/cmake/interfacesConfig.cmake
-- Symlinking: /home/marcio/Documentos/Dev/UEFS/SIECOMP 2026.2/oficina_ros2_atividades/install/interfaces/share/interfaces/cmake/interfacesConfig-version.cmake
-- Symlinking: /home/marcio/Documentos/Dev/UEFS/SIECOMP 2026.2/oficina_ros2_atividades/install/interfaces/share/interfaces/package.xml
-- Installing: /home/marcio/Documentos/Dev/UEFS/SIECOMP 2026.2/oficina_ros2_atividades/install/interfaces/lib/libinterfaces__rosidl_generator_c.so
-- Set non-toolchain portion of runtime path of "/home/marcio/Documentos/Dev/UEFS/SIECOMP 2026.2/oficina_ros2_atividades/install/interfaces/lib/libinterfaces__rosidl_generator_c.so" to ""
-- Installing: /home/marcio/Documentos/Dev/UEFS/SIECOMP 2026.2/oficina_ros2_atividades/install/interfaces/lib/libinterfaces__rosidl_typesupport_fastrtps_c.so
-- Set non-toolchain portion of runtime path of "/home/marcio/Documentos/Dev/UEFS/SIECOMP 2026.2/oficina_ros2_atividades/install/interfaces/lib/libinterfaces__rosidl_typesupport_fastrtps_c.so" to ""
-- Installing: /home/marcio/Documentos/Dev/UEFS/SIECOMP 2026.2/oficina_ros2_atividades/install/interfaces/lib/libinterfaces__rosidl_typesupport_introspection_c.so
-- Set non-toolchain portion of runtime path of "/home/marcio/Documentos/Dev/UEFS/SIECOMP 2026.2/oficina_ros2_atividades/install/interfaces/lib/libinterfaces__rosidl_typesupport_introspection_c.so" to ""
-- Installing: /home/marcio/Documentos/Dev/UEFS/SIECOMP 2026.2/oficina_ros2_atividades/install/interfaces/lib/libinterfaces__rosidl_typesupport_c.so
-- Set non-toolchain portion of runtime path of "/home/marcio/Documentos/Dev/UEFS/SIECOMP 2026.2/oficina_ros2_atividades/install/interfaces/lib/libinterfaces__rosidl_typesupport_c.so" to ""
-- Installing: /home/marcio/Documentos/Dev/UEFS/SIECOMP 2026.2/oficina_ros2_atividades/install/interfaces/lib/libinterfaces__rosidl_typesupport_fastrtps_cpp.so
-- Set non-toolchain portion of runtime path of "/home/marcio/Documentos/Dev/UEFS/SIECOMP 2026.2/oficina_ros2_atividades/install/interfaces/lib/libinterfaces__rosidl_typesupport_fastrtps_cpp.so" to ""
-- Installing: /home/marcio/Documentos/Dev/UEFS/SIECOMP 2026.2/oficina_ros2_atividades/install/interfaces/lib/libinterfaces__rosidl_typesupport_introspection_cpp.so
-- Set non-toolchain portion of runtime path of "/home/marcio/Documentos/Dev/UEFS/SIECOMP 2026.2/oficina_ros2_atividades/install/interfaces/lib/libinterfaces__rosidl_typesupport_introspection_cpp.so" to ""
-- Installing: /home/marcio/Documentos/Dev/UEFS/SIECOMP 2026.2/oficina_ros2_atividades/install/interfaces/lib/libinterfaces__rosidl_typesupport_cpp.so
-- Set non-toolchain portion of runtime path of "/home/marcio/Documentos/Dev/UEFS/SIECOMP 2026.2/oficina_ros2_atividades/install/interfaces/lib/libinterfaces__rosidl_typesupport_cpp.so" to ""
Listing '/home/marcio/Documentos/Dev/UEFS/SIECOMP 2026.2/oficina_ros2_atividades/install/interfaces/lib/python3.12/site-packages/interfaces'...
Compiling '/home/marcio/Documentos/Dev/UEFS/SIECOMP 2026.2/oficina_ros2_atividades/install/interfaces/lib/python3.12/site-packages/interfaces/__init__.py'...
Listing '/home/marcio/Documentos/Dev/UEFS/SIECOMP 2026.2/oficina_ros2_atividades/install/interfaces/lib/python3.12/site-packages/interfaces/action'...
Compiling '/home/marcio/Documentos/Dev/UEFS/SIECOMP 2026.2/oficina_ros2_atividades/install/interfaces/lib/python3.12/site-packages/interfaces/action/__init__.py'...
Compiling '/home/marcio/Documentos/Dev/UEFS/SIECOMP 2026.2/oficina_ros2_atividades/install/interfaces/lib/python3.12/site-packages/interfaces/action/_actuator_move.py'...
Listing '/home/marcio/Documentos/Dev/UEFS/SIECOMP 2026.2/oficina_ros2_atividades/install/interfaces/lib/python3.12/site-packages/interfaces/msg'...
Compiling '/home/marcio/Documentos/Dev/UEFS/SIECOMP 2026.2/oficina_ros2_atividades/install/interfaces/lib/python3.12/site-packages/interfaces/msg/__init__.py'...
Compiling '/home/marcio/Documentos/Dev/UEFS/SIECOMP 2026.2/oficina_ros2_atividades/install/interfaces/lib/python3.12/site-packages/interfaces/msg/_actuator_command.py'...
Compiling '/home/marcio/Documentos/Dev/UEFS/SIECOMP 2026.2/oficina_ros2_atividades/install/interfaces/lib/python3.12/site-packages/interfaces/msg/_actuator_state.py'...
-- Installing: /home/marcio/Documentos/Dev/UEFS/SIECOMP 2026.2/oficina_ros2_atividades/install/interfaces/lib/libinterfaces__rosidl_generator_py.so
-- Set non-toolchain portion of runtime path of "/home/marcio/Documentos/Dev/UEFS/SIECOMP 2026.2/oficina_ros2_atividades/install/interfaces/lib/libinterfaces__rosidl_generator_py.so" to ""
-- Installing: /home/marcio/Documentos/Dev/UEFS/SIECOMP 2026.2/oficina_ros2_atividades/install/interfaces/share/interfaces/cmake/export_interfaces__rosidl_generator_cExport.cmake
-- Installing: /home/marcio/Documentos/Dev/UEFS/SIECOMP 2026.2/oficina_ros2_atividades/install/interfaces/share/interfaces/cmake/export_interfaces__rosidl_generator_cExport-noconfig.cmake
-- Installing: /home/marcio/Documentos/Dev/UEFS/SIECOMP 2026.2/oficina_ros2_atividades/install/interfaces/share/interfaces/cmake/export_interfaces__rosidl_typesupport_fastrtps_cExport.cmake
-- Installing: /home/marcio/Documentos/Dev/UEFS/SIECOMP 2026.2/oficina_ros2_atividades/install/interfaces/share/interfaces/cmake/export_interfaces__rosidl_typesupport_fastrtps_cExport-noconfig.cmake
-- Installing: /home/marcio/Documentos/Dev/UEFS/SIECOMP 2026.2/oficina_ros2_atividades/install/interfaces/share/interfaces/cmake/interfaces__rosidl_typesupport_introspection_cExport.cmake
-- Installing: /home/marcio/Documentos/Dev/UEFS/SIECOMP 2026.2/oficina_ros2_atividades/install/interfaces/share/interfaces/cmake/interfaces__rosidl_typesupport_introspection_cExport-noconfig.cmake
-- Installing: /home/marcio/Documentos/Dev/UEFS/SIECOMP 2026.2/oficina_ros2_atividades/install/interfaces/share/interfaces/cmake/interfaces__rosidl_typesupport_cExport.cmake
-- Installing: /home/marcio/Documentos/Dev/UEFS/SIECOMP 2026.2/oficina_ros2_atividades/install/interfaces/share/interfaces/cmake/interfaces__rosidl_typesupport_cExport-noconfig.cmake
-- Installing: /home/marcio/Documentos/Dev/UEFS/SIECOMP 2026.2/oficina_ros2_atividades/install/interfaces/share/interfaces/cmake/export_interfaces__rosidl_generator_cppExport.cmake
-- Installing: /home/marcio/Documentos/Dev/UEFS/SIECOMP 2026.2/oficina_ros2_atividades/install/interfaces/share/interfaces/cmake/export_interfaces__rosidl_typesupport_fastrtps_cppExport.cmake
-- Installing: /home/marcio/Documentos/Dev/UEFS/SIECOMP 2026.2/oficina_ros2_atividades/install/interfaces/share/interfaces/cmake/export_interfaces__rosidl_typesupport_fastrtps_cppExport-noconfig.cmake
-- Installing: /home/marcio/Documentos/Dev/UEFS/SIECOMP 2026.2/oficina_ros2_atividades/install/interfaces/share/interfaces/cmake/interfaces__rosidl_typesupport_introspection_cppExport.cmake
-- Installing: /home/marcio/Documentos/Dev/UEFS/SIECOMP 2026.2/oficina_ros2_atividades/install/interfaces/share/interfaces/cmake/interfaces__rosidl_typesupport_introspection_cppExport-noconfig.cmake
-- Installing: /home/marcio/Documentos/Dev/UEFS/SIECOMP 2026.2/oficina_ros2_atividades/install/interfaces/share/interfaces/cmake/interfaces__rosidl_typesupport_cppExport.cmake
-- Installing: /home/marcio/Documentos/Dev/UEFS/SIECOMP 2026.2/oficina_ros2_atividades/install/interfaces/share/interfaces/cmake/interfaces__rosidl_typesupport_cppExport-noconfig.cmake
-- Installing: /home/marcio/Documentos/Dev/UEFS/SIECOMP 2026.2/oficina_ros2_atividades/install/interfaces/share/interfaces/cmake/export_interfaces__rosidl_generator_pyExport.cmake
-- Installing: /home/marcio/Documentos/Dev/UEFS/SIECOMP 2026.2/oficina_ros2_atividades/install/interfaces/share/interfaces/cmake/export_interfaces__rosidl_generator_pyExport-noconfig.cmake
