[0.007s] Invoking command in '/home/marcio/Documentos/Dev/UEFS/SIECOMP 2026.2/oficina_ros2_atividades/build/interfaces': CMAKE_PREFIX_PATH=${CMAKE_PREFIX_PATH}:/home/marcio/Documentos/Dev/UEFS/SIECOMP 2026.2/oficina_ros2_atividades/install/atividades:/opt/ros/jazzy /usr/bin/cmake /home/marcio/Documentos/Dev/UEFS/SIECOMP 2026.2/oficina_ros2_atividades/src/interfaces -DAMENT_CMAKE_SYMLINK_INSTALL=1 -DCMAKE_INSTALL_PREFIX=/home/marcio/Documentos/Dev/UEFS/SIECOMP 2026.2/oficina_ros2_atividades/install/interfaces
[0.202s] -- The C compiler identification is GNU 13.3.0
[0.380s] -- The CXX compiler identification is GNU 13.3.0
[0.421s] -- Detecting C compiler ABI info
[0.532s] -- Detecting C compiler ABI info - done
[0.540s] -- Check for working C compiler: /usr/bin/cc - skipped
[0.541s] -- Detecting C compile features
[0.541s] -- Detecting C compile features - done
[0.550s] -- Detecting CXX compiler ABI info
[0.652s] -- Detecting CXX compiler ABI info - done
[0.661s] -- Check for working CXX compiler: /usr/bin/c++ - skipped
[0.661s] -- Detecting CXX compile features
[0.661s] -- Detecting CXX compile features - done
[0.671s] -- Found ament_cmake: 2.5.6 (/opt/ros/jazzy/share/ament_cmake/cmake)
[0.796s] -- Found Python3: /usr/bin/python3 (found version "3.12.3") found components: Interpreter 
[0.870s] -- Override CMake install command with custom implementation using symlinks instead of copying resources
[0.914s] -- Found rosidl_default_generators: 1.6.1 (/opt/ros/jazzy/share/rosidl_default_generators/cmake)
[0.922s] -- Using all available rosidl_typesupport_c: rosidl_typesupport_fastrtps_c;rosidl_typesupport_introspection_c
[1.017s] -- Using all available rosidl_typesupport_cpp: rosidl_typesupport_fastrtps_cpp;rosidl_typesupport_introspection_cpp
[1.078s] -- Found rosidl_adapter: 4.6.9 (/opt/ros/jazzy/share/rosidl_adapter/cmake)
[1.085s] -- Found builtin_interfaces: 2.0.4 (/opt/ros/jazzy/share/builtin_interfaces/cmake)
[1.106s] -- Found sensor_msgs: 5.3.8 (/opt/ros/jazzy/share/sensor_msgs/cmake)
[1.556s] [31mCMake Error at /opt/ros/jazzy/share/rosidl_cmake/cmake/rosidl_generate_interfaces.cmake:223 (message):
[1.557s]   Packages installing interfaces must include
[1.557s]   '<member_of_group>rosidl_interface_packages</member_of_group>' in their
[1.557s]   package.xml
[1.557s] Call Stack (most recent call first):
[1.557s]   CMakeLists.txt:25 (rosidl_generate_interfaces)
[1.557s] 
[1.557s] [0m
[1.557s] -- Configuring incomplete, errors occurred!
[1.564s] Invoked command in '/home/marcio/Documentos/Dev/UEFS/SIECOMP 2026.2/oficina_ros2_atividades/build/interfaces' returned '1': CMAKE_PREFIX_PATH=${CMAKE_PREFIX_PATH}:/home/marcio/Documentos/Dev/UEFS/SIECOMP 2026.2/oficina_ros2_atividades/install/atividades:/opt/ros/jazzy /usr/bin/cmake /home/marcio/Documentos/Dev/UEFS/SIECOMP 2026.2/oficina_ros2_atividades/src/interfaces -DAMENT_CMAKE_SYMLINK_INSTALL=1 -DCMAKE_INSTALL_PREFIX=/home/marcio/Documentos/Dev/UEFS/SIECOMP 2026.2/oficina_ros2_atividades/install/interfaces
